17:08:26 **** Auto Build of configuration Debug for project AXI_DMA ****
make pre-build main-build 
a9-linaro-pre-build-step
' '
'Building file: ../src/mian.c'
'Invoking: ARM v7 gcc compiler'
arm-none-eabi-gcc -Wall -O0 -g3 -c -fmessage-length=0 -MT"src/mian.o" -mcpu=cortex-a9 -mfpu=vfpv3 -mfloat-abi=hard -I../../AXI_DMA_bsp/ps7_cortexa9_0/include -MMD -MP -MF"src/mian.d" -MT"src/mian.o" -o "src/mian.o" "../src/mian.c"
'Finished building: ../src/mian.c'
' '
'Building target: AXI_DMA.elf'
'Invoking: ARM v7 gcc linker'
arm-none-eabi-gcc -mcpu=cortex-a9 -mfpu=vfpv3 -mfloat-abi=hard -Wl,-build-id=none -specs=Xilinx.spec -Wl,-T -Wl,../src/lscript.ld -L../../AXI_DMA_bsp/ps7_cortexa9_0/lib -o "AXI_DMA.elf"  ./src/mian.o   -Wl,--start-group,-lxil,-lgcc,-lc,--end-group
'Finished building target: AXI_DMA.elf'
' '
'Invoking: ARM v7 Print Size'
arm-none-eabi-size AXI_DMA.elf  |tee "AXI_DMA.elf.size"
   text	   data	    bss	    dec	    hex	filename
  40644	   3888	  26424	  70956	  1152c	AXI_DMA.elf
'Finished building: AXI_DMA.elf.size'
' '

17:08:27 Build Finished (took 602ms)

